// Jest Snapshot v1, https://goo.gl/fbAQLP

exports[`renders correctly 1`] = `
[
  <View
    style={
      {
        "alignItems": "center",
        "backgroundColor": "#FFFFFF",
        "borderRadius": 15,
        "fontSize": 15,
        "height": 150,
        "justifyContent": "center",
        "marginBottom": 0,
        "overflow": "hidden",
        "width": "100%",
      }
    }
  >
    <Text
      style={
        {
          "fontSize": 40,
          "fontWeight": "bold",
        }
      }
    >
      Consentimiento
    </Text>
  </View>,
  <View
    style={
      {
        "alignItems": "center",
        "backgroundColor": "#FFFFFF",
        "borderRadius": 15,
        "height": "100%",
        "justifyContent": "center",
        "paddingHorizontal": 30,
        "width": "100%",
      }
    }
  >
    <RCTScrollView>
      <View>
        <Text>
          El consentimiento es el permiso que una persona da para que se realice una acción. En el contexto de desarrollo personal de una persona, lo que se entiende como consentimiento es el permiso que una persona da para que se realice una acción que involucre su cuerpo o su bienestar.
          


          El consentimiento en el ámbito sexual se puede expresar de distintas maneras. Como el consentimiento a actos sexuales, a afecto físico e incluso a fotos explicitas.
          


          Por lo tanto se deben tomar varias cosas en cuenta al empezar un acto sexual. Dentro de estas se pueden encontrar:
          


          -El consentimiento se puede retirar en cualquier momento
          


          - No se debe intentar convencer a obtener consentimiento sobre algo.
          


          - Cuando alguien no esá lo suficientemente cuerdo o consciente para dar consentimiento no se puede aceptar el consentimiento dado.
          


          - Aprovecharse de una situación para obtener consentimiento está prohibido.
          


          - Y lo más importante de todo... Si una persona dice NO, significa NO
        </Text>
        <View
          accessible={true}
          collapsable={false}
          focusable={true}
          onClick={[Function]}
          onResponderGrant={[Function]}
          onResponderMove={[Function]}
          onResponderRelease={[Function]}
          onResponderTerminate={[Function]}
          onResponderTerminationRequest={[Function]}
          onStartShouldSetResponder={[Function]}
          style={
            {
              "alignItems": "center",
              "backgroundColor": "#dd7973",
              "borderRadius": 15,
              "margin": 5,
              "marginHorizontal": 20,
              "opacity": 1,
              "padding": 20,
              "paddingLeft": 16,
              "paddingRight": 16,
            }
          }
        >
          <Text
            style={
              {
                "color": "#000000",
                "fontSize": 20,
              }
            }
          >
            Evaluar
          </Text>
        </View>
      </View>
    </RCTScrollView>
  </View>,
]
`;
